// Jest Snapshot v1, https://goo.gl/fbAQLP

exports[`Counter Header loaded 1`] = `
<nav class="navbar navbar-expand-md navbar-dark fixed-top bg-dark"><a href="#" class="navbar-brand">Music Search App</a> <button type="button" data-toggle="collapse" data-target="#navbarsExampleDefault" aria-controls="navbarsExampleDefault" aria-expanded="false" aria-label="Toggle navigation" class="navbar-toggler"><span class="navbar-toggler-icon"></span></button>
  <div id="navbarsExampleDefault" class="collapse navbar-collapse">
    <ul class="navbar-nav mr-auto"></ul>
  </div>
</nav>
`;
